s	h:m:s	max_rss	max_vms	max_uss	max_pss	io_in	io_out	mean_load	cpu_time
28.3435	0:00:28	442.09	4642.98	437.01	437.57	0.06	0.53	19.11	5.83
