s	h:m:s	max_rss	max_vms	max_uss	max_pss	io_in	io_out	mean_load	cpu_time
3.4224	0:00:03	114.09	516204.08	109.37	109.94	0.00	1.96	13.49	0.66
