s	h:m:s	max_rss	max_vms	max_uss	max_pss	io_in	io_out	mean_load	cpu_time
7.5858	0:00:07	258.17	1049483.38	250.52	251.26	0.00	0.16	25.92	2.16
