s	h:m:s	max_rss	max_vms	max_uss	max_pss	io_in	io_out	mean_load	cpu_time
0.7752	0:00:00	60.16	161.80	55.80	56.28	0.00	0.00	0.00	0.14
