s	h:m:s	max_rss	max_vms	max_uss	max_pss	io_in	io_out	mean_load	cpu_time
0.6955	0:00:00	69.13	240.21	63.66	64.20	0.00	0.11	0.00	0.27
