s	h:m:s	max_rss	max_vms	max_uss	max_pss	io_in	io_out	mean_load	cpu_time
0.6740	0:00:00	69.13	240.18	63.68	64.22	0.00	0.11	0.00	0.27
